// Jest Snapshot v1, https://goo.gl/fbAQLP

exports[`<App /> Verificar las citas en el DOM 1`] = `
Array [
  <div
    class="cita"
    data-testid="cita"
  >
    <p>
      Mascota: 
      <span>
        Hook
      </span>
       
    </p>
    <p>
      Dueño: 
      <span>
        React
      </span>
       
    </p>
    <p>
      Fecha: 
      <span>
        2020-10-20
      </span>
       
    </p>
    <p>
      Hora: 
      <span>
        09:30
      </span>
       
    </p>
    <p>
      Sintomas: 
      <span>
        Solo Aprende
      </span>
       
    </p>
    <button
      class="button eliminar u-full-width"
      data-testid="btn-eliminar"
    >
      Eliminar ×
    </button>
  </div>,
]
`;
